# Menu

  CONFIRM=  HYVÄKSY
  DISABLED=  POIS PÄÄLTÄ
  LAN=  LAN
  Online=  Online

(Recommended)=(Suositeltu)
[ Back ]=[ Palaa ]
[ Confirm ]=[ Hyväksy ]
[ Continue ]=[ Jatka ]
[ Refresh ]=[Virkistä]

> Back=> Palaa
> Back to menu=> Palaa valikkoon
> Cancel=> Peruuta
> Change keybinds=> Muuta näppäimiä
> CONFIRM=> HYVÄKSY
> Confirm=> Hyväksy
> Confirm changes=> Hyväksy muutokset
> Credits=> Lopputekstit
> Host=> Luo peli
> Invite friends=> Kutsu ystäviä
> Join a crew=> Liity miehistöön
> LAN=> LAN
> Online=> Online
> Quit=> Poistu pelistä
> Reset all to default=> Palauta oletusasetukset
> Resume=> Jatka
> Settings=> Asetukset

ACCESSIBILITY=ESTEETTÖMYYS
Adjust screen brightness until the symbol on the right is barely visible.=Säädä näytön kirkkautta kunnes oikeanpuoleinen symboli on juuri ja juuri näkyvissä.
An error occured when syncing the scene! The host might not have loaded in.=Virhe synkronoitaessa sijaintia! Isäntä ei ole luultavasti latautunut peliin.
Arachnophobia Mode=Araknofobiatila
Autosaving...=Automaatti\ntallennetaan...
BACK=PALAA
Back=Palaa
CONFIRM=HYVÄKSY
Confirm=Hyväksy
CONTROLS=OHJAUKSET
Cosmetics Enabled:=Kosmetiikat Päällä:
Credits=Lopputekstit
Crew Size:=Miehistön Koko:
Crouch=Mene kyykkyyn
Dance=Tanssi
Delete=Poista
DISCARD=HYLKÄÄ
Discard=Hylkää
Discard changes=Hylkää muutokset
DISPLAY=NÄYTTÖ
Display mode:=Näyttötila:
Enable chat=Aktivoi chatti
ENABLED=PÄÄLLÄ
Enter a lobby name!=Syötä aulan nimi!
Fullscreen=Koko näyttö
Frame rate cap:=Virkistystaajuus:
Friends-only=Yksityinen
Gamma/Brightness:=Gamma/Kirkkaus:
Go back=Palaa
INSTABILITY:=EPÄVAKAUS:
Interact=Vuorovaikuta
Invert Y-Axis=Käännä Y-Akseli
Item drop=Pudota esine
Item inspect=Tarkastele esinettä
Item primary use=Esineen pääkäyttö
Item Secondary use=Esineen toinen käyttö
Item secondary use=Esineen toinen käyttö
Item switch left=Valitse vasen esine
Item switch right=Valitse oikea esine
Item Tertiary use=Esineen kolmas käyttö
Item tertiary use=Esineen kolmas käyttö
Join=Liity
Jump=Hyppää
LAN=LAN
LAUNCH MODE=KÄYNNISTYSTILA
Loading...=Ladataan...
Look sensitivity:=Hiiren herkkyys:
Master volume:=Äänenvoimakkuus:
Max players...=Maksimipelaajat...
Max players (16)...=Maksimipelaajat (16)...
Maximized window=Maksimoitu ikkuna
MODE: Push to talk=TILA: Paina puhuaksesi
MODE: Voice activation=TILA: Ääniaktivoitu
Move back=Kävele taaksepäin
Move forward=Kävele eteenpäin
Move left=Kävele vasemmalle
Move right=Kävele oikealle
Name your server...=Nimeä palvelimesi...
Online=Online
Ping scan=Skannaa
Point=Osoita
Public=Julkinen
Push to talk=Paina puhuaksesi
REBIND CONTROLLERS=MUUTA OHJAIMIEN OHJAUKSIA
REMAP CONTROLS=MUUTA OHJAUKSIA
Replace furniture=Siirrä huonekalua
Save File=Tallennus\ntiedosto
Servers=Palvelimet
Server name:=Palvelimen nimi:
Sort: far=Järjestä: kaukana
Sort: near=Järjestä: lähellä
Sort: worldwide=Järjestä: kaikkialla
Sprint=Juokse
Started server, joining...=Palvelin käynnistetty, liitytään...
Store furniture=Säilö huonekalu
Submit chat=Lähetä viesti
The file will NOT save! Your ship must be in orbit.=Tiedostoa EI tallenneta! Aluksesi on oltava kiertoradalla.
Unconfirmed changes!=Hyväksymättömiä muutoksia!
Use monitor (V-Sync)=Monitori (V-Sync)
Voice Volume=Puheen Äänenvoimakkuus
WAITING FOR INPUT=ODOTETAAN SYÖTETTÄ
Walk back=Kävele taaksepäin
Walk forward=Kävele eteenpäin
Walk left=Kävele vasemmalle
Walk right=Kävele oikealle
Welcome!=Tervetuloa!
Window=Ikkuna
Windowed fullscreen=Koko näytön ikkuna
Would you like to leave the game?=Haluaisitko poistua pelistä?


# Credits

r:"(?s)^Thanks to PuffoThePufferfish and Blueray901165 for helping shape this game. They were the closest with it through the entire process, helping me test and improve it every step of the way.\n\nThanks to my patrons who have generously supported me throughout this game's long and sometimes-rocky development:(.*)Thanks to Zenonclaw for modelling the shovel and the old elevator, which was scrapped long ago but still used for its parts.\n\nThanks to ZedFox for one of the boombox tracks \(the good one\).\n\nThanks to youreashotgun for the snare flea TV channel.\n\nAnd thanks to Noah, Seth, Null, Sam, Zenonclaw, Zedfox, and Joseph for helping playtest throughout early development.(.*)Sound effects from Freesound.org, licensed under CC-BY \(Attribution\). Thank you:(.*)$"=Kiitokset PuffoThePufferfishille ja Blueray901165:lle heidän avustansa tämän pelin muovaamisessa. He olivat sitä lähimpänä koko prosessin ajan, auttaen minua testaamaan ja parantamaan sitä sen jokaisessa vaiheessa.\n\nKiitokset tukijoilleni, jotka ovat anteliaasti tukeneet minua pelin pitkän ja toisinaan-kivisen kehityksen lävitse:$1Kiitokset Zenonclawille lapion ja vanhan hissin mallintamisesta, joista jälkimmäinen hylättiin jo aikoja sitten, mutta jonka osia edelleen käytettiin.\n\nKiitokset ZedFoxille yhdestä mankan kappaleesta (siitä hyvästä).\n\nKiitokset youreashotgunille ansakirpun TV-kanavasta.\n\nJa kiitokset Noahille, Sethille, Nullille, Samille, Zenonclawille, ZedFoxille, ja Josephille pelin testaamisesta läpi sen aikaisen kehityksen.$2Ääniefektit Freesound.orgista, CC-BY lisensoitu (Nimeäminen). Kiitokset:$3