# Menu

  CONFIRM=  HYVÄKSY
  DISABLED=  POIS PÄÄLTÄ
  LAN=  LAN
  Online=  Online

(Launched in LAN mode)=(Käynnistetty LAN-tilassa)
(Recommended)=(Suositeltu)
(Removed score)=(Poistettu tulos)
(You cannot resubmit your score.)=(Et voi lähettää tulostasi uudelleen.)
[ Back ]=[ Palaa ]
[ Confirm ]=[ Hyväksy ]
[ Continue ]=[ Jatka ]
[ Play again ]=[Pelaa uudestaan]
[ Refresh ]=[Virkistä]
[ Remove my score ]=[ Poista tulokseni ]

> Back=> Palaa
> Back to menu=> Palaa valikkoon
> Cancel=> Peruuta
> Change keybinds=> Muuta näppäimiä
> CONFIRM=> HYVÄKSY
> Confirm=> Hyväksy
> Confirm changes=> Hyväksy muutokset
> Credits=> Lopputekstit
> Host=> Luo peli
> Invite friends=> Kutsu ystäviä
> Join a crew=> Liity miehistöön
> Join LAN session=> Liity LAN-istuntoon
> LAN=> LAN
> Mod Settings=> Modiasetukset
> Online=> Online
> Quit=> Poistu pelistä
> Reset all to default=> Palauta oletusasetukset
> Resume=> Jatka
> Set to defaults=> Aseta oletusarvoihin
> Settings=> Asetukset

ACCESSIBILITY=ESTEETTÖMYYS
Adjust screen brightness until the symbol on the right is barely visible.=Säädä näytön kirkkautta kunnes oikeanpuoleinen symboli on juuri ja juuri näkyvissä.
Allow remote connections=Salli etä-\nyhteydet
An error occured!=Tapahtui virhe!
An error occured when syncing the scene! The host might not have loaded in.=Tapahtui virhe synkronoitaessa sijaintia! Isäntä ei ole luultavasti latautunut peliin.
An error occured while spawning into the game. Please report the glitch!=Tapahtui virhe latautuessa peliin. Ole hyvä ja ilmoita ongelmasta!
Apply=Hyväksy
Arachnophobia Mode=Araknofobiatila
Autosaving...=Automaatti-\ntallennetaan...
BACK=PALAA
Back=Palaa
Cancel=Peruuta
CONFIRM=HYVÄKSY
Confirm=Hyväksy
Confirm changes?=Hyväksy muutokset?
CONTROLS=OHJAUKSET
Credits=Lopputekstit
CREW:=MIEHISTÖ:
Deceased=Kuollut
Delete=Poista
DISCARD=HYLKÄÄ
Discard=Hylkää
Discard changes=Hylkää muutokset
DISPLAY=NÄYTTÖ
Display mode:=Näyttötila:
ENABLED=PÄÄLLÄ
Enter a lobby name!=Syötä aulan nimi!
Enter a tag...=Syötä tunniste...
Enter server tag...=Syötä palvelintunniste...
Error! Could not get the lobby data. Are you offline?=Virhe! Aulan tietoja ei voitu hakea. Oletko offline-tilassa?
Fullscreen=Koko näyttö
Frame rate cap:=Virkistystaajuus:
Friends-only=Yksityinen
Gamma/Brightness:=Gamma/Kirkkaus:
Go back=Palaa
Host LAN Server:=Luo LAN-palvelin:
INSTABILITY:=EPÄVAKAUS:
Invert Y-Axis=Käännä Y-Akseli
Join=Liity
Kick=Potki
LAN=LAN
LAUNCH MODE=KÄYNNISTYSTILA
Loading...=Ladataan...
Loading ranking...=Ladataan sijoitusta...
Loading server list...=Ladataan palvelinlistaa...
Lobby is full!=Aula on täynnä!
Local-only=Vain paikallinen
Look sensitivity:=Hiiren herkkyys:
Master volume:=Äänenvoimakkuus:
Maximized window=Maksimoitu ikkuna
MODE: Push to talk=TILA: Paina puhuaksesi
MODE: Voice activation=TILA: Ääniaktivoitu
Name your server...=Nimeä palvelimesi...
No available servers to join.=Ei palvelimia saatavilla.
Online=Online
Option A=Vaihtoehto A
PRIVATE means you must send invites through Steam for players to join.=YKSITYINEN tarkoittaa, että kutsut täytyy lähettää Steamin kautta pelaajien liittymiseksi.
PUBLIC means your game will be visible on the server list for all to see.=JULKINEN tarkoittaa, että pelisi on näkyvissä palvelinlistalla kaikkien nähtävänä.
Public=Julkinen
Push to talk=Paina puhuaksesi
REBIND CONTROLLERS=MUUTA OHJAIMIEN OHJAUKSIA
REMAP CONTROLS=MUUTA OHJAUKSIA
Replace furniture=Siirrä huonekalua
Save File=Tallennus-\ntiedosto
Servers=Palvelin-\nluettelo
Server name:=Palvelimen nimi:
Sort: far=Järjestä: kaukana
Sort: Friends=Järjestä: Ystävät
Sort: near=Järjestä: lähellä
Sort: Similar rank=Järjestä: Vastaava sija
Sort: Top 20=Järjestä: Top 20
Sort: worldwide=Järjestä: kaikki
Started server, joining...=Palvelin käynnistetty, liitytään...
The file will NOT save! Your ship must be in orbit.=Tiedostoa EI tallenneta! Aluksesi on oltava kiertoradalla.
The host has not loaded or has already landed their ship.=Isäntä ei ole latautunut peliin tai on jo laskeutunut aluksellaan.
The server host disconnected.=Palvelimen isäntä poistui.
The server is full!=Palvelin on täynnä!
This is the weekly challenge moon.\nYou have one day to make as much profit as possible.=Tämä on viikottainen haastekuu.\nSinulla on yksi päivä saada mahdollisimman paljon tuottoa.
Uncapped=Rajoittamaton
Unconfirmed changes!=Hyväksymättömiä muutoksia!
Use monitor (V-Sync)=Monitori (V-Sync)
Voice Volume=Puheen Äänenvoimakkuus
Voice volume=Puheen äänenvoimakkuus
Waiting for input=Odotetaan syötettä
Welcome!=Tervetuloa!
Welcome!\nThis patch includes the replayable challenge moons and new factory hallway types, as well as some tweaks to existing creatures.\n\nOthers must update their game to play with you on this version.\n\n\nGood luck!=Tervetuloa!\nTämä päivitys sisältää uudelleenpelattavat haastekuut ja uusia tehdaskäytävätyyppejä, sekä joitakin muutoksia nykyisiin olentoihin.\n\nMuiden täytyy päivittää pelinsä pelatakseen kanssasi tällä versiolla.\n\n\nOnnea matkaan!
Window=Ikkuna
Windowed fullscreen=Koko näytön ikkuna
With challenge moon=Haastekuulla
Would you like to leave the game?=Haluaisitko poistua pelistä?
You are in LAN mode. When allowing remote connections through LAN, please ensure you have sufficient network security such as a firewall and/or VPN.=Olet LAN-tilassa. Sallittaessa etäyhteydet LAN-verkon kautta, varmista, että sinulla on riittävä verkkoturva, kuten palomuuri ja/tai VPN.


## Keybinds

Backspace=Askelpalautin
Button East=Oikea Painike
Button North=Yläpainike
Button South=Alapainike
Button West=Vasen Painike
Crouch=Mene kyykkyyn
D-Pad/Down=Suunta-alusta/Alas
D-Pad/Left=Suunta-alusta/Vasen
D-Pad/Right=Suunta-alusta/Oikea
D-Pad/Up=Suunta-alusta/Ylös
Dance=Tanssi
Down Arrow=Alanuoli
Enable chat=Aktivoi chatti
Interact=Vuorovaikuta
Item drop=Pudota esine
Item inspect=Tarkastele esinettä
Item primary use=Esineen pääkäyttö
Item Secondary use=Esineen toinen käyttö
Item secondary use=Esineen toinen käyttö
Item switch left=Valitse vasen esine
Item switch right=Valitse oikea esine
Item Tertiary use=Esineen kolmas käyttö
Item tertiary use=Esineen kolmas käyttö
Left Button=Vasen Painike
Left Alt=Vasen Alt
Left Arrow=Vasen Nuoli
Left Control=Vasen Control
Left Shift=Vasen Vaihto
Left Shoulder=Vasen Bumper
Left Stick/Down=Vasen Sauva/Alas
Left Stick/Left=Vasen Sauva/Vasen
Left Stick/Right=Vasen Sauva/Oikea
Left Stick/Up=Vasen Sauva/Ylös
Left Stick Press=Vasemman Sauvan Painike
Left System=Vasen Järjestelmä
Left Trigger=Vasen Liipaisin
Jump=Hyppää
Move back=Kävele taaksepäin
Move forward=Kävele eteenpäin
Move left=Kävele vasemmalle
Move right=Kävele oikealle
Ping scan=Skannaa
Point=Osoita
Right Button=Oikea Painike
Right Alt=Oikea Alt
Right Arrow=Oikea Nuoli
Right Control=Oikea Control
Right Shift=Oikea Vaihto
Right Shoulder=Oikea Bumper
Right Stick/Down=Vasen Sauva/Alas
Right Stick/Left=Vasen Sauva/Vasen
Right Stick/Right=Vasen Sauva/Oikea
Right Stick/Up=Vasen Sauva/Ylös
Right Stick Press=Oikean Sauvan Painike
Right System=Oikea Järjestelmä
Right Trigger=Oikea Liipaisin
Scroll/Down=Rulla/alas
Scroll/Up=Rulla/ylös
Shift=Vaihto
Space=Välilyönti
Sprint=Juokse
Store furniture=Säilö huonekalu
Submit chat=Lähetä viesti
Tab=Sarkain
Turn furniture=Käännä huonekalua
Up Arrow=Ylänuoli
Walk back=Kävele taaksepäin
Walk forward=Kävele eteenpäin
Walk left=Kävele vasemmalle
Walk right=Kävele oikealle


## Boot up

      BG IG, A System-Act Ally\n      Copyright (C) 2084-2108, Halden Electronics Inc.\n\nCPU Type      :     BORSON 300 CPU at 2500 MHz\nMemory test  :      4521586K OK\n\nBoot Distributioner Application v0.04\nCopyright (C) 2107 Distributioner\n    Detecting Sting X ROM\n    Detecting Web LNV Extender\n    Detecting Heartbeats OK\n\n\nUTGF Device Listening...\n\nBody   ID   Neural   Device Class\n________________________________________\n\n2      52   Jo152       H515\n2      52   Sa5155      H515\n2      52   Bo75        H515\n2      52   Eri510      H515\n1      36   Ell567      H515\n1      36   Jos912      H515\n0\n=      BG IG, Järjestelmäasetuksen Tukija\n      Copyright (C) 2084-2108, Halden Electronics Oy\n\nSuoritintyyppi  :     BORSON 300 -suoritin (2500 MHz)\nMuistitesti     :     4521586K OK\n\nKäynnistyksen Jakelijasovellus v0.04\nCopyright (C) 2107 Jakelija\n    Havaitaan X ROM -solutus\n    Havaitaan Verkon LNV-laajennin\n    Havaitaan Sydämenlyöntejä OK\n\n\nUTGF-laite Kuuntelee...\n\nRyhmä  ID   Hermosto   Laiteluokka\n________________________________________\n\n2      52   Jo152        H515\n2      52   Sa5155       H515\n2      52   Bo75         H515\n2      52   Eri510       H515\n1      36   Ell567       H515\n1      36   Jos912       H515\n0\n


## Credits

r:"(?s)^Thanks to PuffoThePufferfish and Blueray901165 for helping shape this game. They were the closest with it through the entire process, helping me test and improve it every step of the way.\n\nThanks to my patrons who have generously supported me throughout this game's long and sometimes-rocky development:(.*)Thanks to Zenonclaw for modelling the shovel and the old elevator, which was scrapped long ago but still used for its parts.\n\nThanks to ZedFox for one of the boombox tracks \(the good one\).\n\nThanks to youreashotgun for the snare flea TV channel.\n\nAnd thanks to Noah, Seth, Null, Sam, Zenonclaw, Zedfox, and Joseph for helping playtest throughout early development.(.*)Sound effects from Freesound.org, licensed under CC-BY \(Attribution\). Thank you:(.*)$"=Kiitokset PuffoThePufferfishille ja Blueray901165:lle heidän avustansa tämän pelin muovaamisessa. He olivat sitä lähimpänä koko prosessin ajan, auttaen minua testaamaan ja parantamaan sitä sen jokaisessa vaiheessa.\n\nKiitokset tukijoilleni, jotka ovat anteliaasti tukeneet minua pelin pitkän ja toisinaan kivisen kehityksen lävitse:$1Kiitokset Zenonclawille lapion ja vanhan hissin mallintamisesta, joista jälkimmäinen hylättiin jo aikoja sitten, mutta jonka osia edelleen käytettiin.\n\nKiitokset ZedFoxille yhdestä mankan kappaleesta (siitä hyvästä).\n\nKiitokset youreashotgunille ansakirpun TV-kanavasta.\n\nJa kiitokset Noahille, Sethille, Nullille, Samille, Zenonclawille, ZedFoxille, ja Josephille pelin testaamisesta läpi sen aikaisen kehityksen.$2Ääniefektit Freesound.orgista, CC-BY lisensoitu (Nimeäminen). Kiitokset:$3


## Mods

### BiggerLobby

Max players...=Maksimipelaajat...
Max players (16)...=Maksimipelaajat (16)...
Notice: High max player counts\nmay cause lag.=Huomautus: Korkeat maksimipelaajamäärät voivat aiheuttaa viivettä.
yeah you should be good now lol=Noniin, nyt näyttää hyvältä


### MoreEmotes

(Controller)=(Ohjain)
(Keyboard only)=(Vain näppäimistö)

> More Emotes=             > More Emotes -asetukset

(Read Only) Ignores all ingame saved settings and instead uses the config file=(Kirjoitussuojattu) Jättää\npelinsisäisesti tallennetut\nasetukset huomiotta ja käyttää\nsen sijaan asetustiedostoa
Clap=Taputa
Emote Wheel=Toimintopyörä
EMPTY=TYHJÄ
Inventory Check=Tavaraluettelotarkistus
Middle Finger=Keskisormi
Prevents some emotes from performing while holding items/scrap=Estää joidenkin toimintojen\nsuorittamisen esineitä/romua\npideltäessä
Prisyadka=Ripaska
Quick Emotes=Pikatoiminnot
Remap=Muuta
Salute=Tervehdi
Settings=Asetukset
Shy=Ujo
Sign=Kyltti
The Griddy=Griddy
Twerk=Twerkkaa
Use Config File=Käytä Asetustiedostoa
WAITING FOR KEY=ODOTETAAN NÄPPÄINTÄ


### MoreCompany

Cosmetics Enabled:=Kosmetiikat Päällä:
Crew Size:=Miehistön Koko: