# Menu

  CONFIRM=  HYVÄKSY
  DISABLED=  POIS PÄÄLTÄ
  LAN=  LAN
  Online=  Online

(Recommended)=(Suositeltu)
(Removed score)=(Poistettu tulos)
(You cannot resubmit your score.)=(Et voi lähettää tulostasi uudelleen.)
[ Back ]=[ Palaa ]
[ Confirm ]=[ Hyväksy ]
[ Continue ]=[ Jatka ]
[ Play again ]=[Pelaa uudestaan]
[ Refresh ]=[Virkistä]
[ Remove my score ]=[ Poista tulokseni ]

> Back=> Palaa
> Back to menu=> Palaa valikkoon
> Cancel=> Peruuta
> Change keybinds=> Muuta näppäimiä
> CONFIRM=> HYVÄKSY
> Confirm=> Hyväksy
> Confirm changes=> Hyväksy muutokset
> Credits=> Lopputekstit
> Host=> Luo peli
> Invite friends=> Kutsu ystäviä
> Join a crew=> Liity miehistöön
> LAN=> LAN
> Online=> Online
> Quit=> Poistu pelistä
> Reset all to default=> Palauta oletusasetukset
> Resume=> Jatka
> Set to defaults=> Aseta oletusarvoihin
> Settings=> Asetukset

ACCESSIBILITY=ESTEETTÖMYYS
Adjust screen brightness until the symbol on the right is barely visible.=Säädä näytön kirkkautta kunnes oikeanpuoleinen symboli on juuri ja juuri näkyvissä.
An error occured when syncing the scene! The host might not have loaded in.=Virhe synkronoitaessa sijaintia! Isäntä ei ole luultavasti latautunut peliin.
Arachnophobia Mode=Araknofobiatila
Autosaving...=Automaatti\ntallennetaan...
BACK=PALAA
Back=Palaa
Backspace=Askelpalautin
Challenge Moon Tuo-3 Results=Haastekuu Tuo-3:n Tulokset
CONFIRM=HYVÄKSY
Confirm=Hyväksy
CONTROLS=OHJAUKSET
Cosmetics Enabled:=Kosmetiikat Päällä:
Credits=Lopputekstit
Crew Size:=Miehistön Koko:
Deceased=Kuollut
Delete=Poista
DISCARD=HYLKÄÄ
Discard=Hylkää
Discard changes=Hylkää muutokset
DISPLAY=NÄYTTÖ
Display mode:=Näyttötila:
ENABLED=PÄÄLLÄ
Enter a lobby name!=Syötä aulan nimi!
Enter a tag...=Syötä tunniste...
Enter server tag...=Syötä palvelintunniste...
Fullscreen=Koko näyttö
Frame rate cap:=Virkistystaajuus:
Friends-only=Yksityinen
Gamma/Brightness:=Gamma/Kirkkaus:
Go back=Palaa
INSTABILITY:=EPÄVAKAUS:
Invert Y-Axis=Käännä Y-Akseli
Join=Liity
LAN=LAN
LAUNCH MODE=KÄYNNISTYSTILA
Loading...=Ladataan...
Loading ranking...=Ladataan sijoitusta...
Loading server list...=Ladataan palvelinlistaa...
Look sensitivity:=Hiiren herkkyys:
Master volume:=Äänenvoimakkuus:
Max players...=Maksimipelaajat...
Max players (16)...=Maksimipelaajat (16)...
Maximized window=Maksimoitu ikkuna
MODE: Push to talk=TILA: Paina puhuaksesi
MODE: Voice activation=TILA: Ääniaktivoitu
Name your server...=Nimeä palvelimesi...
No available servers to join.=Ei palvelimia saatavilla.
Online=Online
Public=Julkinen
Push to talk=Paina puhuaksesi
REBIND CONTROLLERS=MUUTA OHJAIMIEN OHJAUKSIA
REMAP CONTROLS=MUUTA OHJAUKSIA
Replace furniture=Siirrä huonekalua
Save File=Tallennus\ntiedosto
Servers=Palvelin\nluettelo
Server name:=Palvelimen nimi:
Sort: far=Järjestä: kaukana
Sort: Friends=Järjestä: Ystävät
Sort: near=Järjestä: lähellä
Sort: Similar rank=Järjestä: Vastaava sija
Sort: Top 20=Järjestä: Top 20
Sort: worldwide=Järjestä: kaikki
Started server, joining...=Palvelin käynnistetty, liitytään...
Tab=Sarkain
The file will NOT save! Your ship must be in orbit.=Tiedostoa EI tallenneta! Aluksesi on oltava kiertoradalla.
Unconfirmed changes!=Hyväksymättömiä muutoksia!
Use monitor (V-Sync)=Monitori (V-Sync)
Voice Volume=Puheen Äänenvoimakkuus
WAITING FOR INPUT=ODOTETAAN SYÖTETTÄ
Welcome!=Tervetuloa!
Window=Ikkuna
Windowed fullscreen=Koko näytön ikkuna
With challenge moon=Haastekuulla
Would you like to leave the game?=Haluaisitko poistua pelistä?


# Keybinds

Button East=Oikea Painike
Button North=Yläpainike
Button South=Alapainike
Button West=Vasen Painike
Clap=Taputa
Crouch=Mene kyykkyyn
D-Pad/Down=Suunta-alusta/Alas
D-Pad/Left=Suunta-alusta/Vasen
D-Pad/Right=Suunta-alusta/Oikea
D-Pad/Up=Suunta-alusta/Ylös
Dance=Tanssi
Down Arrow=Alanuoli
Emote Wheel=Toimintopyörä
Enable chat=Aktivoi chatti
Interact=Vuorovaikuta
Item drop=Pudota esine
Item inspect=Tarkastele esinettä
Item primary use=Esineen pääkäyttö
Item Secondary use=Esineen toinen käyttö
Item secondary use=Esineen toinen käyttö
Item switch left=Valitse vasen esine
Item switch right=Valitse oikea esine
Item Tertiary use=Esineen kolmas käyttö
Item tertiary use=Esineen kolmas käyttö
Left Button=Vasen Painike
Left Alt=Vasen Alt
Left Arrow=Vasen Nuoli
Left Control=Vasen Control
Left Shift=Vasen Vaihto
Left Shoulder=Vasen Bumper
Left Stick/Down=Vasen Sauva/Alas
Left Stick/Left=Vasen Sauva/Vasen
Left Stick/Right=Vasen Sauva/Oikea
Left Stick/Up=Vasen Sauva/Ylös
Left Stick Press=Vasemman Sauvan Painike
Left System=Vasen Järjestelmä
Left Trigger=Vasen Liipaisin
Jump=Hyppää
Middle Finger=Keskisormi
Move back=Kävele taaksepäin
Move forward=Kävele eteenpäin
Move left=Kävele vasemmalle
Move right=Kävele oikealle
Ping scan=Skannaa
Point=Osoita
Right Button=Oikea Painike
Right Alt=Oikea Alt
Right Arrow=Oikea Nuoli
Right Control=Oikea Control
Right Shift=Oikea Vaihto
Right Shoulder=Oikea Bumper
Right Stick/Down=Vasen Sauva/Alas
Right Stick/Left=Vasen Sauva/Vasen
Right Stick/Right=Vasen Sauva/Oikea
Right Stick/Up=Vasen Sauva/Ylös
Right Stick Press=Oikean Sauvan Painike
Right System=Oikea Järjestelmä
Right Trigger=Oikea Liipaisin
Salute=Tervehdi
Scroll/Down=Rulla/alas
Scroll/Up=Rulla/ylös
Shift=Vaihto
Shy=Ujo
Space=Välilyönti
Sprint=Juokse
Store furniture=Säilö huonekalu
Submit chat=Lähetä viesti
Turn furniture=Käännä huonekalua
Twerk=Twerkkaa
Up Arrow=Ylänuoli
Walk back=Kävele taaksepäin
Walk forward=Kävele eteenpäin
Walk left=Kävele vasemmalle
Walk right=Kävele oikealle


# Credits

r:"(?s)^Thanks to PuffoThePufferfish and Blueray901165 for helping shape this game. They were the closest with it through the entire process, helping me test and improve it every step of the way.\n\nThanks to my patrons who have generously supported me throughout this game's long and sometimes-rocky development:(.*)Thanks to Zenonclaw for modelling the shovel and the old elevator, which was scrapped long ago but still used for its parts.\n\nThanks to ZedFox for one of the boombox tracks \(the good one\).\n\nThanks to youreashotgun for the snare flea TV channel.\n\nAnd thanks to Noah, Seth, Null, Sam, Zenonclaw, Zedfox, and Joseph for helping playtest throughout early development.(.*)Sound effects from Freesound.org, licensed under CC-BY \(Attribution\). Thank you:(.*)$"=Kiitokset PuffoThePufferfishille ja Blueray901165:lle heidän avustansa tämän pelin muovaamisessa. He olivat sitä lähimpänä koko prosessin ajan, auttaen minua testaamaan ja parantamaan sitä sen jokaisessa vaiheessa.\n\nKiitokset tukijoilleni, jotka ovat anteliaasti tukeneet minua pelin pitkän ja toisinaan-kivisen kehityksen lävitse:$1Kiitokset Zenonclawille lapion ja vanhan hissin mallintamisesta, joista jälkimmäinen hylättiin jo aikoja sitten, mutta jonka osia edelleen käytettiin.\n\nKiitokset ZedFoxille yhdestä mankan kappaleesta (siitä hyvästä).\n\nKiitokset youreashotgunille ansakirpun TV-kanavasta.\n\nJa kiitokset Noahille, Sethille, Nullille, Samille, Zenonclawille, ZedFoxille, ja Josephille pelin testaamisesta läpi sen aikaisen kehityksen.$2Ääniefektit Freesound.orgista, CC-BY lisensoitu (Nimeäminen). Kiitokset:$3